[2025-07-01 15:45:59,339] [kometa.py:299]             [INFO]     |====================================================================================================|
[2025-07-01 15:45:59,339] [kometa.py:300]             [INFO]     |                                                                                                    |
[2025-07-01 15:45:59,339] [kometa.py:301]             [INFO]     |                   __  ___  ______    ___  ___   _______  __________    ___                         |
[2025-07-01 15:45:59,340] [kometa.py:302]             [INFO]     |                  |  |/  / /  __  \  |   \/   | |   ____||          |  /   \                        |
[2025-07-01 15:45:59,340] [kometa.py:303]             [INFO]     |                  |  '  / |  |  |  | |  \  /  | |  |__   `---|  |---` /  ^  \                       |
[2025-07-01 15:45:59,340] [kometa.py:304]             [INFO]     |                  |    <  |  |  |  | |  |\/|  | |   __|      |  |    /  /_\  \                      |
[2025-07-01 15:45:59,340] [kometa.py:305]             [INFO]     |                  |  .  \ |  `--`  | |  |  |  | |  |____     |  |   /  _____  \                     |
[2025-07-01 15:45:59,340] [kometa.py:306]             [INFO]     |                  |__|\__\ \______/  |__|  |__| |_______|    |__|  /__/     \__\                    |
[2025-07-01 15:45:59,340] [kometa.py:307]             [INFO]     |                                                                                                    |
[2025-07-01 15:45:59,357] [kometa.py:313]             [INFO]     |     Version: 2.2.0 (Docker: master)                                                                |
[2025-07-01 15:45:59,394] [kometa.py:316]             [INFO]     |     Platform: Linux-6.10.14-linuxkit-aarch64-with-glibc2.36                                        |
[2025-07-01 15:45:59,395] [kometa.py:317]             [INFO]     |     Total Memory: 2 GB                                                                             |
[2025-07-01 15:45:59,395] [kometa.py:318]             [INFO]     |     Available Memory: 1 GB                                                                         |
[2025-07-01 15:45:59,395] [kometa.py:319]             [INFO]     |     Process Priority: normal                                                                       |
[2025-07-01 15:45:59,395] [kometa.py:351]             [DEBUG]    |====================================================================================================|
[2025-07-01 15:45:59,395] [kometa.py:352]             [DEBUG]    | Run Command: kometa.py --run                                                                       |
[2025-07-01 15:45:59,395] [kometa.py:356]             [DEBUG]    | --config (KOMETA_CONFIG): None                                                                     |
[2025-07-01 15:45:59,395] [kometa.py:356]             [DEBUG]    | --times (KOMETA_TIMES): "05:00"                                                                    |
[2025-07-01 15:45:59,395] [kometa.py:356]             [DEBUG]    | --run (KOMETA_RUN): True                                                                           |
[2025-07-01 15:45:59,396] [kometa.py:356]             [DEBUG]    | --tests (KOMETA_TESTS): False                                                                      |
[2025-07-01 15:45:59,396] [kometa.py:356]             [DEBUG]    | --debug (KOMETA_DEBUG): False                                                                      |
[2025-07-01 15:45:59,396] [kometa.py:356]             [DEBUG]    | --trace (KOMETA_TRACE): False                                                                      |
[2025-07-01 15:45:59,396] [kometa.py:356]             [DEBUG]    | --log-requests (KOMETA_LOG_REQUESTS): False                                                        |
[2025-07-01 15:45:59,396] [kometa.py:356]             [DEBUG]    | --timeout (KOMETA_TIMEOUT): 180                                                                    |
[2025-07-01 15:45:59,396] [kometa.py:356]             [DEBUG]    | --no-verify-ssl (KOMETA_NO_VERIFY_SSL): False                                                      |
[2025-07-01 15:45:59,396] [kometa.py:356]             [DEBUG]    | --collections-only (KOMETA_COLLECTIONS_ONLY): False                                                |
[2025-07-01 15:45:59,396] [kometa.py:356]             [DEBUG]    | --metadata-only (KOMETA_METADATA_ONLY): False                                                      |
[2025-07-01 15:45:59,396] [kometa.py:356]             [DEBUG]    | --playlists-only (KOMETA_PLAYLISTS_ONLY): False                                                    |
[2025-07-01 15:45:59,396] [kometa.py:356]             [DEBUG]    | --operations-only (KOMETA_OPERATIONS_ONLY): False                                                  |
[2025-07-01 15:45:59,397] [kometa.py:356]             [DEBUG]    | --overlays-only (KOMETA_OVERLAYS_ONLY): False                                                      |
[2025-07-01 15:45:59,397] [kometa.py:356]             [DEBUG]    | --run-collections (KOMETA_RUN_COLLECTIONS): None                                                   |
[2025-07-01 15:45:59,397] [kometa.py:356]             [DEBUG]    | --run-libraries (KOMETA_RUN_LIBRARIES): None                                                       |
[2025-07-01 15:45:59,397] [kometa.py:356]             [DEBUG]    | --run-files (KOMETA_RUN_FILES): None                                                               |
[2025-07-01 15:45:59,397] [kometa.py:356]             [DEBUG]    | --ignore-schedules (KOMETA_IGNORE_SCHEDULES): False                                                |
[2025-07-01 15:45:59,397] [kometa.py:356]             [DEBUG]    | --ignore-ghost (KOMETA_IGNORE_GHOST): False                                                        |
[2025-07-01 15:45:59,397] [kometa.py:356]             [DEBUG]    | --delete-collections (KOMETA_DELETE_COLLECTIONS): False                                            |
[2025-07-01 15:45:59,397] [kometa.py:356]             [DEBUG]    | --delete-labels (KOMETA_DELETE_LABELS): False                                                      |
[2025-07-01 15:45:59,397] [kometa.py:356]             [DEBUG]    | --resume (KOMETA_RESUME): None                                                                     |
[2025-07-01 15:45:59,397] [kometa.py:356]             [DEBUG]    | --no-countdown (KOMETA_NO_COUNTDOWN): False                                                        |
[2025-07-01 15:45:59,397] [kometa.py:356]             [DEBUG]    | --no-missing (KOMETA_NO_MISSING): False                                                            |
[2025-07-01 15:45:59,398] [kometa.py:356]             [DEBUG]    | --no-report (KOMETA_NO_REPORT): False                                                              |
[2025-07-01 15:45:59,398] [kometa.py:356]             [DEBUG]    | --read-only-config (KOMETA_READ_ONLY_CONFIG): False                                                |
[2025-07-01 15:45:59,398] [kometa.py:356]             [DEBUG]    | --divider (KOMETA_DIVIDER): "="                                                                    |
[2025-07-01 15:45:59,398] [kometa.py:356]             [DEBUG]    | --width (KOMETA_WIDTH): 100                                                                        |
[2025-07-01 15:45:59,398] [kometa.py:356]             [DEBUG]    | --low-priority (KOMETA_LOW_PRIORITY): False                                                        |
[2025-07-01 15:45:59,398] [kometa.py:357]             [DEBUG]    |                                                                                                    |
[2025-07-01 15:45:59,398] [kometa.py:363]             [INFO]     |====================================================================================================|
[2025-07-01 15:45:59,398] [kometa.py:363]             [INFO]     |                                            Starting Run                                            |
[2025-07-01 15:45:59,398] [kometa.py:363]             [INFO]     |====================================================================================================|
[2025-07-01 15:45:59,398] [config.py:156]             [INFO]     | Locating config...                                                                                 |
[2025-07-01 15:45:59,398] [config.py:162]             [INFO]     | Using //config/config.yml as config                                                                |
[2025-07-01 15:45:59,403] [config.py:203]             [DEBUG]    |========================================= Redacted Config ==========================================|
[2025-07-01 15:45:59,404] [config.py:205]             [DEBUG]    | libraries:                                                                                         |
[2025-07-01 15:45:59,404] [config.py:205]             [DEBUG]    | #MOVIE LIBRARY CONFIG FOR SCHEDULED COLLECTIONS TO BE DELETED WHEN OUT OF SEASON                   |
[2025-07-01 15:45:59,404] [config.py:205]             [DEBUG]    |   Scheduled:                                                                                       |
[2025-07-01 15:45:59,404] [config.py:205]             [DEBUG]    |     library_name: Movies                                                                           |
[2025-07-01 15:45:59,404] [config.py:205]             [DEBUG]    |     report_path: config/missing/Scheduled_report.yml                                               |
[2025-07-01 15:45:59,404] [config.py:205]             [DEBUG]    |     template_variables:                                                                            |
[2025-07-01 15:45:59,404] [config.py:205]             [DEBUG]    |       use_separator: false                                                                         |
[2025-07-01 15:45:59,404] [config.py:205]             [DEBUG]    |     collection_files:                                                                              |
[2025-07-01 15:45:59,404] [config.py:205]             [DEBUG]    |     - folder: /config/Scheduled/                                                                   |
[2025-07-01 15:45:59,404] [config.py:205]             [DEBUG]    |       asset_directory: config/assets/plex/Collections                                              |
[2025-07-01 15:45:59,405] [config.py:205]             [DEBUG]    |     - pmm: year                                                                                    |
[2025-07-01 15:45:59,405] [config.py:205]             [DEBUG]    |       asset_directory: config/assets/plex/Collections                                              |
[2025-07-01 15:45:59,405] [config.py:205]             [DEBUG]    |       template_variables:                                                                          |
[2025-07-01 15:45:59,405] [config.py:205]             [DEBUG]    |         limit: 25                                                                                  |
[2025-07-01 15:45:59,405] [config.py:205]             [DEBUG]    |         sort_by: critic_rating.desc                                                                |
[2025-07-01 15:45:59,405] [config.py:205]             [DEBUG]    |         data:                                                                                      |
[2025-07-01 15:45:59,405] [config.py:205]             [DEBUG]    |           starting: current_year-1                                                                 |
[2025-07-01 15:45:59,405] [config.py:205]             [DEBUG]    |           ending: current_year-1                                                                   |
[2025-07-01 15:45:59,405] [config.py:205]             [DEBUG]    |         summary_format: Top <<limit>> movies of <<key>>. Sorted by critic rating.                  |
[2025-07-01 15:45:59,405] [config.py:205]             [DEBUG]    |         collection_section: '010'                                                                  |
[2025-07-01 15:45:59,405] [config.py:205]             [DEBUG]    |         schedule: range(01/01-02/28)                                                               |
[2025-07-01 15:45:59,406] [config.py:205]             [DEBUG]    |     settings:                                                                                      |
[2025-07-01 15:45:59,406] [config.py:205]             [DEBUG]    |       delete_not_scheduled: true                                                                   |
[2025-07-01 15:45:59,406] [config.py:205]             [DEBUG]    |       asset_directory: config/assets/plex/Movies                                                   |
[2025-07-01 15:45:59,406] [config.py:205]             [DEBUG]    |                                                                                                    |
[2025-07-01 15:45:59,406] [config.py:205]             [DEBUG]    | #MAIN MOVIE LIBRARY CONFIG                                                                         |
[2025-07-01 15:45:59,406] [config.py:205]             [DEBUG]    |   Movies:                                                                                          |
[2025-07-01 15:45:59,406] [config.py:205]             [DEBUG]    |     collection_files:                                                                              |
[2025-07-01 15:45:59,406] [config.py:205]             [DEBUG]    |     - default: basic                                                                               |
[2025-07-01 15:45:59,406] [config.py:205]             [DEBUG]    |     - default: imdb                                                                                |
[2025-07-01 15:45:59,406] [config.py:205]             [DEBUG]    |     - default: trakt                                                                               |
[2025-07-01 15:45:59,406] [config.py:205]             [DEBUG]    |     - default: resolution                                                                          |
[2025-07-01 15:45:59,406] [config.py:205]             [DEBUG]    |       template_variables:                                                                          |
[2025-07-01 15:45:59,406] [config.py:205]             [DEBUG]    |         sep_style: gold                                                                            |
[2025-07-01 15:45:59,406] [config.py:205]             [DEBUG]    |         exclude:                                                                                   |
[2025-07-01 15:45:59,406] [config.py:205]             [DEBUG]    |         - sd                                                                                       |
[2025-07-01 15:45:59,406] [config.py:205]             [DEBUG]    |         sort_by: title.asc                                                                         |
[2025-07-01 15:45:59,407] [config.py:205]             [DEBUG]    |       folder: config/Movies/                                                                       |
[2025-07-01 15:45:59,407] [config.py:205]             [DEBUG]    |       asset_directory: config/assets/plex/Movies                                                   |
[2025-07-01 15:45:59,407] [config.py:205]             [DEBUG]    |       asset_depth: 2                                                                               |
[2025-07-01 15:45:59,407] [config.py:205]             [DEBUG]    |     - pmm: based                                                                                   |
[2025-07-01 15:45:59,407] [config.py:205]             [DEBUG]    |       asset_directory: config/assets/plex/Collections                                              |
[2025-07-01 15:45:59,407] [config.py:205]             [DEBUG]    |       template_variables:                                                                          |
[2025-07-01 15:45:59,407] [config.py:205]             [DEBUG]    |         summary_true_story: Films based on or inspired by a true story.                            |
[2025-07-01 15:45:59,407] [config.py:205]             [DEBUG]    |         summary_book: Films based on or inspired by a book.                                        |
[2025-07-01 15:45:59,407] [config.py:205]             [DEBUG]    |         summary_video_game: Films based on or inspired by a video game.                            |
[2025-07-01 15:45:59,407] [config.py:205]             [DEBUG]    |         summary_comic: Films based on or inspired by a comic.                                      |
[2025-07-01 15:45:59,407] [config.py:205]             [DEBUG]    |         schedule: all[weekly(thursday), hourly(06-07)]                                             |
[2025-07-01 15:45:59,407] [config.py:205]             [DEBUG]    |     - pmm: decade                                                                                  |
[2025-07-01 15:45:59,407] [config.py:205]             [DEBUG]    |       asset_directory: config/assets/plex/Collections                                              |
[2025-07-01 15:45:59,407] [config.py:205]             [DEBUG]    |       template_variables:                                                                          |
[2025-07-01 15:45:59,407] [config.py:205]             [DEBUG]    |         exclude:                                                                                   |
[2025-07-01 15:45:59,407] [config.py:205]             [DEBUG]    |         - 1960                                                                                     |
[2025-07-01 15:45:59,407] [config.py:205]             [DEBUG]    |         limit: 100                                                                                 |
[2025-07-01 15:45:59,407] [config.py:205]             [DEBUG]    |         limit_1970: 25                                                                             |
[2025-07-01 15:45:59,407] [config.py:205]             [DEBUG]    |         summary_format: Top <<limit>> movies of the <<key>>s. Sorted by critic rating.             |
[2025-07-01 15:45:59,407] [config.py:205]             [DEBUG]    |         summary_1970: Top <<limit_1970>> movies of the <<key>>s. Sorted by critic rating.          |
[2025-07-01 15:45:59,407] [config.py:205]             [DEBUG]    |         minimum_items: 25                                                                          |
[2025-07-01 15:45:59,407] [config.py:205]             [DEBUG]    |     - pmm: genre                                                                                   |
[2025-07-01 15:45:59,408] [config.py:205]             [DEBUG]    |       asset_directory: config/assets/plex/Collections                                              |
[2025-07-01 15:45:59,408] [config.py:205]             [DEBUG]    |       template_variables:                                                                          |
[2025-07-01 15:45:59,408] [config.py:205]             [DEBUG]    |         sort_by: title.asc                                                                         |
[2025-07-01 15:45:59,408] [config.py:205]             [DEBUG]    |         exclude:                                                                                   |
[2025-07-01 15:45:59,408] [config.py:205]             [DEBUG]    |         - Horror #IN SCHEDULED LIBRARY                                                             |
[2025-07-01 15:45:59,408] [config.py:205]             [DEBUG]    |         - War #GENRE.YML                                                                           |
[2025-07-01 15:45:59,408] [config.py:205]             [DEBUG]    |         - Western #GENRE.YML                                                                       |
[2025-07-01 15:45:59,408] [config.py:205]             [DEBUG]    |         - Spy #GENRE.YML                                                                           |
[2025-07-01 15:45:59,408] [config.py:205]             [DEBUG]    |         - Sport #GENRE.YML                                                                         |
[2025-07-01 15:45:59,408] [config.py:205]             [DEBUG]    |         minimum_items: 10                                                                          |
[2025-07-01 15:45:59,409] [config.py:205]             [DEBUG]    |     - pmm: imdb                                                                                    |
[2025-07-01 15:45:59,409] [config.py:205]             [DEBUG]    |       asset_directory: config/assets/plex/Collections                                              |
[2025-07-01 15:45:59,409] [config.py:205]             [DEBUG]    |       template_variables:                                                                          |
[2025-07-01 15:45:59,409] [config.py:205]             [DEBUG]    |         use_lowest: false                                                                          |
[2025-07-01 15:45:59,409] [config.py:205]             [DEBUG]    |         order_top: 3                                                                               |
[2025-07-01 15:45:59,409] [config.py:205]             [DEBUG]    |         order_popular: 3                                                                           |
[2025-07-01 15:45:59,409] [config.py:205]             [DEBUG]    |     - pmm: seasonal                                                                                |
[2025-07-01 15:45:59,409] [config.py:205]             [DEBUG]    |       asset_directory: config/assets/plex/Collections                                              |
[2025-07-01 15:45:59,409] [config.py:205]             [DEBUG]    |       template_variables:                                                                          |
[2025-07-01 15:45:59,409] [config.py:205]             [DEBUG]    |         emoji: ''                                                                                  |
[2025-07-01 15:45:59,409] [config.py:205]             [DEBUG]    |         schedule_easter: range(03/20-04/05)                                                        |
[2025-07-01 15:45:59,409] [config.py:205]             [DEBUG]    |         schedule_independence: range(06/28-07/05)                                                  |
[2025-07-01 15:45:59,410] [config.py:205]             [DEBUG]    |         schedule_labor: range(09/01-09/05)                                                         |
[2025-07-01 15:45:59,410] [config.py:205]             [DEBUG]    |         schedule_thanksgiving: range(11/01-11/24)                                                  |
[2025-07-01 15:45:59,410] [config.py:205]             [DEBUG]    |         schedule_veteran: range(11/01-11/12)                                                       |
[2025-07-01 15:45:59,410] [config.py:205]             [DEBUG]    |         schedule_valentine: range(02/05-02/15)                                                     |
[2025-07-01 15:45:59,410] [config.py:205]             [DEBUG]    |         exclude:                                                                                   |
[2025-07-01 15:45:59,410] [config.py:205]             [DEBUG]    |         - christmas #IN SCHEDULED LIBRARY                                                          |
[2025-07-01 15:45:59,410] [config.py:205]             [DEBUG]    |         - easter #NOT ENOUGH FILMS                                                                 |
[2025-07-01 15:45:59,410] [config.py:205]             [DEBUG]    |         - halloween #IN SCHEDULED LIBRARY                                                          |
[2025-07-01 15:45:59,410] [config.py:205]             [DEBUG]    |         - latinx #NOT ENOUGH FILMS                                                                 |
[2025-07-01 15:45:59,410] [config.py:205]             [DEBUG]    |         - women #INOP DUE TO IMDB CHANGES                                                          |
[2025-07-01 15:45:59,410] [config.py:205]             [DEBUG]    |     - pmm: tautulli                                                                                |
[2025-07-01 15:45:59,410] [config.py:205]             [DEBUG]    |       asset_directory: config/assets/plex/Collections                                              |
[2025-07-01 15:45:59,410] [config.py:205]             [DEBUG]    |       template_variables:                                                                          |
[2025-07-01 15:45:59,410] [config.py:205]             [DEBUG]    |         use_watched: true                                                                          |
[2025-07-01 15:45:59,411] [config.py:205]             [DEBUG]    |         list_days: 14                                                                              |
[2025-07-01 15:45:59,411] [config.py:205]             [DEBUG]    |         list_size: 25                                                                              |
[2025-07-01 15:45:59,411] [config.py:205]             [DEBUG]    |         summary_popular: A collection of the most watched movies on this Plex server.              |
[2025-07-01 15:45:59,411] [config.py:205]             [DEBUG]    |         order_popular: 1                                                                           |
[2025-07-01 15:45:59,411] [config.py:205]             [DEBUG]    | #    - pmm: trakt                                                                                  |
[2025-07-01 15:45:59,411] [config.py:205]             [DEBUG]    | #      asset_directory: config/assets/plex/Collections                                             |
[2025-07-01 15:45:59,411] [config.py:205]             [DEBUG]    | #      template_variables:                                                                         |
[2025-07-01 15:45:59,411] [config.py:205]             [DEBUG]    | #        use_collected: false                                                                      |
[2025-07-01 15:45:59,411] [config.py:205]             [DEBUG]    | #        use_recommended: false                                                                    |
[2025-07-01 15:45:59,411] [config.py:205]             [DEBUG]    | #        use_watched: false                                                                        |
[2025-07-01 15:45:59,411] [config.py:205]             [DEBUG]    | #        order_popular: 4                                                                          |
[2025-07-01 15:45:59,412] [config.py:205]             [DEBUG]    | #        order_trending: 4                                                                         |
[2025-07-01 15:45:59,412] [config.py:205]             [DEBUG]    | #        schedule: weekly(monday)                                                                  |
[2025-07-01 15:45:59,412] [config.py:205]             [DEBUG]    |     - pmm: universe                                                                                |
[2025-07-01 15:45:59,412] [config.py:205]             [DEBUG]    |       asset_directory: config/assets/plex/Collections                                              |
[2025-07-01 15:45:59,412] [config.py:205]             [DEBUG]    |       template_variables:                                                                          |
[2025-07-01 15:45:59,412] [config.py:205]             [DEBUG]    |         trakt_list_avp: https://trakt.tv/users/oldmankestis/lists/alien-predator                   |
[2025-07-01 15:45:59,412] [config.py:205]             [DEBUG]    |         trakt_list_mcu: https://trakt.tv/users/oldmankestis/lists/marvel-cinematic-universe        |
[2025-07-01 15:45:59,412] [config.py:205]             [DEBUG]    |         trakt_list_star: https://trakt.tv/users/oldmankestis/lists/star-wars                       |
[2025-07-01 15:45:59,412] [config.py:205]             [DEBUG]    |         trakt_list_trek: https://trakt.tv/users/oldmankestis/lists/star-trek                       |
[2025-07-01 15:45:59,412] [config.py:205]             [DEBUG]    |         trakt_list_xmen: https://trakt.tv/users/oldmankestis/lists/x-men-collection                |
[2025-07-01 15:45:59,412] [config.py:205]             [DEBUG]    |         summary_mcu: The Marvel Cinematic Universe (MCU) is an American media franchise and shared universe centered on a series of superhero films produced by Marvel Studios. Sorted in chronological order. |
[2025-07-01 15:45:59,412] [config.py:205]             [DEBUG]    |         summary_xmen: The X-Men Collection. Sorted in chronological order.                         |
[2025-07-01 15:45:59,412] [config.py:205]             [DEBUG]    |         minimum_items: 3                                                                           |
[2025-07-01 15:45:59,413] [config.py:205]             [DEBUG]    |         append_data:                                                                               |
[2025-07-01 15:45:59,413] [config.py:205]             [DEBUG]    |           star: Star Wars Saga                                                                     |
[2025-07-01 15:45:59,413] [config.py:205]             [DEBUG]    |           trek: Star Trek Universe                                                                 |
[2025-07-01 15:45:59,413] [config.py:205]             [DEBUG]    |           xmen: X-Men Collection                                                                   |
[2025-07-01 15:45:59,413] [config.py:205]             [DEBUG]    |         exclude:                                                                                   |
[2025-07-01 15:45:59,413] [config.py:205]             [DEBUG]    |         - marvel #FRANCHISE.YML                                                                    |
[2025-07-01 15:45:59,413] [config.py:205]             [DEBUG]    |         - mummy #FRANCHISE.YML                                                                     |
[2025-07-01 15:45:59,413] [config.py:205]             [DEBUG]    |         - rocky #NOT IN LIBRARY                                                                    |
[2025-07-01 15:45:59,413] [config.py:205]             [DEBUG]    |         collection_section: '106'                                                                  |
[2025-07-01 15:45:59,413] [config.py:205]             [DEBUG]    |     operations:                                                                                    |
[2025-07-01 15:45:59,413] [config.py:205]             [DEBUG]    |       mass_poster_update:                                                                          |
[2025-07-01 15:45:59,413] [config.py:205]             [DEBUG]    |         source: tmdb                                                                               |
[2025-07-01 15:45:59,413] [config.py:205]             [DEBUG]    |       mass_genre_update: tmdb                                                                      |
[2025-07-01 15:45:59,413] [config.py:205]             [DEBUG]    |       mass_audience_rating_update: tmdb                                                            |
[2025-07-01 15:45:59,413] [config.py:205]             [DEBUG]    |       mass_imdb_parental_labels: mild                                                              |
[2025-07-01 15:45:59,414] [config.py:205]             [DEBUG]    |       mass_critic_rating_update: mdb_tomatoes                                                      |
[2025-07-01 15:45:59,414] [config.py:205]             [DEBUG]    |       mass_user_rating_update: trakt_user                                                          |
[2025-07-01 15:45:59,414] [config.py:205]             [DEBUG]    |       assets_for_all: true                                                                         |
[2025-07-01 15:45:59,414] [config.py:205]             [DEBUG]    |     settings:                                                                                      |
[2025-07-01 15:45:59,414] [config.py:205]             [DEBUG]    |       asset_directory: config/assets/plex/Movies                                                   |
[2025-07-01 15:45:59,414] [config.py:205]             [DEBUG]    |       asset_depth: 2                                                                               |
[2025-07-01 15:45:59,414] [config.py:205]             [DEBUG]    |       show_missing_assets: false                                                                   |
[2025-07-01 15:45:59,414] [config.py:205]             [DEBUG]    | #######################################################                                            |
[2025-07-01 15:45:59,414] [config.py:205]             [DEBUG]    | ##                   TV LIBRARIES                    ##                                            |
[2025-07-01 15:45:59,414] [config.py:205]             [DEBUG]    | #######################################################                                            |
[2025-07-01 15:45:59,414] [config.py:205]             [DEBUG]    |                                                                                                    |
[2025-07-01 15:45:59,415] [config.py:205]             [DEBUG]    | #TV SHOWS CONFIG                                                                                   |
[2025-07-01 15:45:59,415] [config.py:205]             [DEBUG]    |       # see the wiki for how to use local files, folders, URLs, or files from git                  |
[2025-07-01 15:45:59,415] [config.py:205]             [DEBUG]    |                                                                                                    |
[2025-07-01 15:45:59,415] [config.py:205]             [DEBUG]    |   TV Shows:                                                                                        |
[2025-07-01 15:45:59,415] [config.py:205]             [DEBUG]    |     collection_files:                                                                              |
[2025-07-01 15:45:59,415] [config.py:205]             [DEBUG]    |     - default: basic                                                                               |
[2025-07-01 15:45:59,415] [config.py:205]             [DEBUG]    |     - default: imdb                                                                                |
[2025-07-01 15:45:59,415] [config.py:205]             [DEBUG]    |     - file: config/franchise.yml                                                                   |
[2025-07-01 15:45:59,415] [config.py:205]             [DEBUG]    |     remove_overlays: false                                                                         |
[2025-07-01 15:45:59,415] [config.py:205]             [DEBUG]    |     operations:                                                                                    |
[2025-07-01 15:45:59,415] [config.py:205]             [DEBUG]    |       assets_for_all: true                                                                         |
[2025-07-01 15:45:59,416] [config.py:205]             [DEBUG]    |     settings:                                                                                      |
[2025-07-01 15:45:59,416] [config.py:205]             [DEBUG]    |       asset_directory: config/assets/plex/Movies                                                   |
[2025-07-01 15:45:59,416] [config.py:205]             [DEBUG]    | settings:                                                                                          |
[2025-07-01 15:45:59,416] [config.py:205]             [DEBUG]    |   run_order:                                                                                       |
[2025-07-01 15:45:59,416] [config.py:205]             [DEBUG]    |   - operations                                                                                     |
[2025-07-01 15:45:59,416] [config.py:205]             [DEBUG]    |   - metadata                                                                                       |
[2025-07-01 15:45:59,416] [config.py:205]             [DEBUG]    |   - collections                                                                                    |
[2025-07-01 15:45:59,416] [config.py:205]             [DEBUG]    |   - overlays                                                                                       |
[2025-07-01 15:45:59,416] [config.py:205]             [DEBUG]    |   cache: true                                                                                      |
[2025-07-01 15:45:59,416] [config.py:205]             [DEBUG]    |   cache_expiration: 60                                                                             |
[2025-07-01 15:45:59,416] [config.py:205]             [DEBUG]    |   asset_directory: config/assets/plex/Movies                                                       |
[2025-07-01 15:45:59,416] [config.py:205]             [DEBUG]    |   asset_folders: true                                                                              |
[2025-07-01 15:45:59,416] [config.py:205]             [DEBUG]    |   asset_depth: 2                                                                                   |
[2025-07-01 15:45:59,416] [config.py:205]             [DEBUG]    |   create_asset_folders: true                                                                       |
[2025-07-01 15:45:59,417] [config.py:205]             [DEBUG]    |   prioritize_assets: true                                                                          |
[2025-07-01 15:45:59,417] [config.py:205]             [DEBUG]    |   dimensional_asset_rename: false                                                                  |
[2025-07-01 15:45:59,417] [config.py:205]             [DEBUG]    |   download_url_assets: true                                                                        |
[2025-07-01 15:45:59,417] [config.py:205]             [DEBUG]    |   show_missing_season_assets: false                                                                |
[2025-07-01 15:45:59,417] [config.py:205]             [DEBUG]    |   show_missing_episode_assets: false                                                               |
[2025-07-01 15:45:59,417] [config.py:205]             [DEBUG]    |   show_asset_not_needed: false                                                                     |
[2025-07-01 15:45:59,417] [config.py:205]             [DEBUG]    |   sync_mode: append                                                                                |
[2025-07-01 15:45:59,417] [config.py:205]             [DEBUG]    |   minimum_items: 1                                                                                 |
[2025-07-01 15:45:59,417] [config.py:205]             [DEBUG]    |   default_collection_order:                                                                        |
[2025-07-01 15:45:59,417] [config.py:205]             [DEBUG]    |   delete_below_minimum: true                                                                       |
[2025-07-01 15:45:59,417] [config.py:205]             [DEBUG]    |   delete_not_scheduled: false                                                                      |
[2025-07-01 15:45:59,417] [config.py:205]             [DEBUG]    |   run_again_delay: 2                                                                               |
[2025-07-01 15:45:59,417] [config.py:205]             [DEBUG]    |   missing_only_released: false                                                                     |
[2025-07-01 15:45:59,417] [config.py:205]             [DEBUG]    |   only_filter_missing: false                                                                       |
[2025-07-01 15:45:59,417] [config.py:205]             [DEBUG]    |   show_unmanaged: true                                                                             |
[2025-07-01 15:45:59,418] [config.py:205]             [DEBUG]    |   show_unconfigured: true                                                                          |
[2025-07-01 15:45:59,418] [config.py:205]             [DEBUG]    |   show_filtered: false                                                                             |
[2025-07-01 15:45:59,418] [config.py:205]             [DEBUG]    |   show_options: true                                                                               |
[2025-07-01 15:45:59,418] [config.py:205]             [DEBUG]    |   show_missing: false                                                                              |
[2025-07-01 15:45:59,418] [config.py:205]             [DEBUG]    |   show_missing_assets: false                                                                       |
[2025-07-01 15:45:59,418] [config.py:205]             [DEBUG]    |   save_report: false                                                                               |
[2025-07-01 15:45:59,418] [config.py:205]             [DEBUG]    |   tvdb_language: eng                                                                               |
[2025-07-01 15:45:59,418] [config.py:205]             [DEBUG]    |   ignore_ids:                                                                                      |
[2025-07-01 15:45:59,418] [config.py:205]             [DEBUG]    |   ignore_imdb_ids:                                                                                 |
[2025-07-01 15:45:59,418] [config.py:205]             [DEBUG]    |   item_refresh_delay: 0                                                                            |
[2025-07-01 15:45:59,419] [config.py:205]             [DEBUG]    |   playlist_sync_to_users: all                                                                      |
[2025-07-01 15:45:59,419] [config.py:205]             [DEBUG]    |   playlist_exclude_users:                                                                          |
[2025-07-01 15:45:59,419] [config.py:205]             [DEBUG]    |   playlist_report: false                                                                           |
[2025-07-01 15:45:59,419] [config.py:205]             [DEBUG]    |   verify_ssl: true                                                                                 |
[2025-07-01 15:45:59,419] [config.py:205]             [DEBUG]    |   custom_repo:                                                                                     |
[2025-07-01 15:45:59,419] [config.py:205]             [DEBUG]    |   overlay_artwork_filetype: jpg                                                                    |
[2025-07-01 15:45:59,419] [config.py:205]             [DEBUG]    |   overlay_artwork_quality: 75                                                                      |
[2025-07-01 15:45:59,419] [config.py:205]             [DEBUG]    |   show_unfiltered: false                                                                           |
[2025-07-01 15:45:59,419] [config.py:205]             [DEBUG]    | webhooks:                            # Can be individually specified per library as well           |
[2025-07-01 15:45:59,419] [config.py:205]             [DEBUG]    |   error:                                                                                           |
[2025-07-01 15:45:59,419] [config.py:205]             [DEBUG]    |   version:                                                                                         |
[2025-07-01 15:45:59,419] [config.py:205]             [DEBUG]    |   run_start:                                                                                       |
[2025-07-01 15:45:59,420] [config.py:205]             [DEBUG]    |   run_end:                                                                                         |
[2025-07-01 15:45:59,420] [config.py:205]             [DEBUG]    |   changes:                                                                                         |
[2025-07-01 15:45:59,420] [config.py:205]             [DEBUG]    |   delete:                                                                                          |
[2025-07-01 15:45:59,420] [config.py:205]             [DEBUG]    | plex:                                # Can be individually specified per library as well; REQUIRED for the script to run |
[2025-07-01 15:45:59,420] [config.py:205]             [DEBUG]    |   url: (redacted)                                                                                  |
[2025-07-01 15:45:59,420] [config.py:205]             [DEBUG]    |   token: (redacted)                                                                                |
[2025-07-01 15:45:59,420] [config.py:205]             [DEBUG]    |   timeout: 60                                                                                      |
[2025-07-01 15:45:59,420] [config.py:205]             [DEBUG]    |   db_cache:                                                                                        |
[2025-07-01 15:45:59,420] [config.py:205]             [DEBUG]    |   clean_bundles: false                                                                             |
[2025-07-01 15:45:59,421] [config.py:205]             [DEBUG]    |   empty_trash: true                                                                                |
[2025-07-01 15:45:59,421] [config.py:205]             [DEBUG]    |   optimize: true                                                                                   |
[2025-07-01 15:45:59,421] [config.py:205]             [DEBUG]    |   verify_ssl:                                                                                      |
[2025-07-01 15:45:59,421] [config.py:205]             [DEBUG]    | tmdb:                                # REQUIRED for the script to run                              |
[2025-07-01 15:45:59,421] [config.py:205]             [DEBUG]    |   apikey: (redacted)                                                                               |
[2025-07-01 15:45:59,421] [config.py:205]             [DEBUG]    |   language: en                                                                                     |
[2025-07-01 15:45:59,421] [config.py:205]             [DEBUG]    |   cache_expiration: 60                                                                             |
[2025-07-01 15:45:59,421] [config.py:205]             [DEBUG]    |   region:                                                                                          |
[2025-07-01 15:45:59,421] [config.py:205]             [DEBUG]    | tautulli:                            # Can be individually specified per library as well           |
[2025-07-01 15:45:59,421] [config.py:205]             [DEBUG]    |   url: (redacted)                                                                                  |
[2025-07-01 15:45:59,421] [config.py:205]             [DEBUG]    |   apikey: (redacted)                                                                               |
[2025-07-01 15:45:59,421] [config.py:205]             [DEBUG]    | radarr:                              # Can be individually specified per library as well           |
[2025-07-01 15:45:59,421] [config.py:205]             [DEBUG]    |   url: (redacted)                                                                                  |
[2025-07-01 15:45:59,422] [config.py:205]             [DEBUG]    |   token: (redacted)                                                                                |
[2025-07-01 15:45:59,422] [config.py:205]             [DEBUG]    |   add_missing: true                                                                                |
[2025-07-01 15:45:59,422] [config.py:205]             [DEBUG]    |   add_existing: false                                                                              |
[2025-07-01 15:45:59,422] [config.py:205]             [DEBUG]    |   upgrade_existing: true                                                                           |
[2025-07-01 15:45:59,422] [config.py:205]             [DEBUG]    |   monitor_existing: true                                                                           |
[2025-07-01 15:45:59,422] [config.py:205]             [DEBUG]    |   root_folder_path: /Volumes/Mothership/Data/Movies                                                |
[2025-07-01 15:45:59,422] [config.py:205]             [DEBUG]    |   monitor: true                                                                                    |
[2025-07-01 15:45:59,422] [config.py:205]             [DEBUG]    |   availability: announced                                                                          |
[2025-07-01 15:45:59,422] [config.py:205]             [DEBUG]    |   quality_profile: HD-1080p                                                                        |
[2025-07-01 15:45:59,422] [config.py:205]             [DEBUG]    |   tag: kometa                                                                                      |
[2025-07-01 15:45:59,422] [config.py:205]             [DEBUG]    |   search: false                                                                                    |
[2025-07-01 15:45:59,422] [config.py:205]             [DEBUG]    |   radarr_path:                                                                                     |
[2025-07-01 15:45:59,423] [config.py:205]             [DEBUG]    |   plex_path:                                                                                       |
[2025-07-01 15:45:59,423] [config.py:205]             [DEBUG]    |   ignore_cache: true                                                                               |
[2025-07-01 15:45:59,423] [config.py:205]             [DEBUG]    | sonarr:                              # Can be individually specified per library as well           |
[2025-07-01 15:45:59,423] [config.py:205]             [DEBUG]    |   url: (redacted)                                                                                  |
[2025-07-01 15:45:59,423] [config.py:205]             [DEBUG]    |   token: (redacted)                                                                                |
[2025-07-01 15:45:59,423] [config.py:205]             [DEBUG]    |   add_missing: false                                                                               |
[2025-07-01 15:45:59,423] [config.py:205]             [DEBUG]    |   add_existing: false                                                                              |
[2025-07-01 15:45:59,423] [config.py:205]             [DEBUG]    |   upgrade_existing: false                                                                          |
[2025-07-01 15:45:59,423] [config.py:205]             [DEBUG]    |   monitor_existing: false                                                                          |
[2025-07-01 15:45:59,423] [config.py:205]             [DEBUG]    |   root_folder_path: /Volumes/Mothership/Data/TV Shows                                              |
[2025-07-01 15:45:59,423] [config.py:205]             [DEBUG]    |   monitor: all                                                                                     |
[2025-07-01 15:45:59,423] [config.py:205]             [DEBUG]    |   quality_profile: Default                                                                         |
[2025-07-01 15:45:59,424] [config.py:205]             [DEBUG]    |   language_profile: English                                                                        |
[2025-07-01 15:45:59,424] [config.py:205]             [DEBUG]    |   series_type: standard                                                                            |
[2025-07-01 15:45:59,424] [config.py:205]             [DEBUG]    |   season_folder: true                                                                              |
[2025-07-01 15:45:59,424] [config.py:205]             [DEBUG]    |   tag:                                                                                             |
[2025-07-01 15:45:59,424] [config.py:205]             [DEBUG]    |   search: false                                                                                    |
[2025-07-01 15:45:59,424] [config.py:205]             [DEBUG]    |   cutoff_search: false                                                                             |
[2025-07-01 15:45:59,424] [config.py:205]             [DEBUG]    |   sonarr_path:                                                                                     |
[2025-07-01 15:45:59,424] [config.py:205]             [DEBUG]    |   plex_path:                                                                                       |
[2025-07-01 15:45:59,424] [config.py:205]             [DEBUG]    |   ignore_cache: false                                                                              |
[2025-07-01 15:45:59,424] [config.py:205]             [DEBUG]    | trakt:                                                                                             |
[2025-07-01 15:45:59,424] [config.py:205]             [DEBUG]    |   client_id: (redacted)                                                                            |
[2025-07-01 15:45:59,424] [config.py:205]             [DEBUG]    |   client_secret: (redacted)                                                                        |
[2025-07-01 15:45:59,425] [config.py:205]             [DEBUG]    |   pin:                                                                                             |
[2025-07-01 15:45:59,425] [config.py:205]             [DEBUG]    |   authorization:                                                                                   |
[2025-07-01 15:45:59,425] [config.py:205]             [DEBUG]    |     # everything below is autofilled by the script                                                 |
[2025-07-01 15:45:59,425] [config.py:205]             [DEBUG]    |     access_token: (redacted)                                                                       |
[2025-07-01 15:45:59,425] [config.py:205]             [DEBUG]    |     token_type: Bearer                                                                             |
[2025-07-01 15:45:59,425] [config.py:205]             [DEBUG]    |     expires_in: 7889238                                                                            |
[2025-07-01 15:45:59,425] [config.py:205]             [DEBUG]    |     refresh_token: (redacted)                                                                      |
[2025-07-01 15:45:59,425] [config.py:205]             [DEBUG]    |     scope: public                                                                                  |
[2025-07-01 15:45:59,425] [config.py:205]             [DEBUG]    |     created_at: 1751369646                                                                         |
[2025-07-01 15:45:59,425] [config.py:206]             [DEBUG]    |                                                                                                    |
[2025-07-01 15:45:59,439] [config.py:557]             [INFO]     |====================================================================================================|
[2025-07-01 15:45:59,441] [cache.py:17]               [INFO]     | Initializing cache database at //config/config.cache                                               |
[2025-07-01 15:45:59,444] [config.py:566]             [INFO]     |====================================================================================================|
[2025-07-01 15:45:59,445] [config.py:583]             [INFO]     | notifiarr attribute not found                                                                      |
[2025-07-01 15:45:59,445] [config.py:601]             [INFO]     | gotify attribute not found                                                                         |
[2025-07-01 15:45:59,445] [config.py:620]             [INFO]     | ntfy attribute not found                                                                           |
[2025-07-01 15:45:59,446] [config.py:640]             [INFO]     |====================================================================================================|
[2025-07-01 15:45:59,446] [config.py:645]             [INFO]     | Connecting to TMDb...                                                                              |
[2025-07-01 15:45:59,513] [config.py:654]             [INFO]     | TMDb Connection Successful                                                                         |
[2025-07-01 15:45:59,513] [config.py:658]             [INFO]     |====================================================================================================|
[2025-07-01 15:45:59,513] [config.py:675]             [INFO]     | omdb attribute not found                                                                           |
[2025-07-01 15:45:59,513] [config.py:677]             [INFO]     |====================================================================================================|
[2025-07-01 15:45:59,513] [config.py:695]             [INFO]     | mdblist attribute not found                                                                        |
[2025-07-01 15:45:59,513] [config.py:697]             [INFO]     |====================================================================================================|
[2025-07-01 15:45:59,514] [config.py:701]             [INFO]     | Connecting to Trakt...                                                                             |
[2025-07-01 15:45:59,676] [config.py:715]             [INFO]     | Trakt Connection Successful                                                                        |
[2025-07-01 15:45:59,676] [config.py:719]             [INFO]     |====================================================================================================|
[2025-07-01 15:45:59,676] [config.py:740]             [INFO]     | mal attribute not found                                                                            |
[2025-07-01 15:45:59,676] [config.py:772]             [INFO]     |====================================================================================================|
[2025-07-01 15:45:59,676] [config.py:777]             [INFO]     | playlist_files attribute not found                                                                 |
[2025-07-01 15:45:59,741] [config.py:808]             [INFO]     |====================================================================================================|
[2025-07-01 15:45:59,741] [config.py:810]             [INFO]     | Connecting to Plex Libraries...                                                                    |
[2025-07-01 15:45:59,741] [config.py:881]             [INFO]     |====================================================================================================|
[2025-07-01 15:45:59,741] [config.py:881]             [INFO]     |                                  Movies (Scheduled) Configuration                                  |
[2025-07-01 15:45:59,742] [config.py:881]             [INFO]     |====================================================================================================|
[2025-07-01 15:45:59,742] [config.py:882]             [INFO]     |                                                                                                    |
[2025-07-01 15:45:59,742] [config.py:883]             [INFO]     | Connecting to Movies (Scheduled) Library...                                                        |
[2025-07-01 15:45:59,742] [config.py:924]             [ERROR]    | Config Error: Folder /config/missing does not exist                                                |
[2025-07-01 15:45:59,742] [config.py:1072]            [INFO]     |                                                                                                    |
[2025-07-01 15:45:59,742] [config.py:1073]            [INFO]     | Reading in Collection Files                                                                        |
[2025-07-01 15:45:59,742] [util.py:324]               [INFO]     |                                                                                                    |
[2025-07-01 15:45:59,743] [util.py:348]               [INFO]     | Reading folder: /config/Scheduled/                                                                 |
[2025-07-01 15:45:59,743] [util.py:368]               [INFO]     | Template Variables: {'use_separator': False}                                                       |
[2025-07-01 15:45:59,743] [util.py:372]               [INFO]     | Asset Directory: config/assets/plex/Collections                                                    |
[2025-07-01 15:45:59,744] [util.py:324]               [INFO]     |                                                                                                    |
[2025-07-01 15:45:59,744] [util.py:329]               [INFO]     | Reading pmm: year                                                                                  |
[2025-07-01 15:45:59,744] [util.py:368]               [INFO]     | Template Variables: {'limit': 25, 'sort_by': 'critic_rating.desc', 'data': {'starting': 'current_year-1', 'ending': 'current_year-1'}, 'summary_format': 'Top <<limit>> movies of <<key>>. Sorted by critic rating.', 'collection_section': '010', 'schedule': 'range(01/01-02/28)', 'use_separator': False} |
[2025-07-01 15:45:59,744] [util.py:372]               [INFO]     | Asset Directory: config/assets/plex/Collections                                                    |
[2025-07-01 15:45:59,744] [config.py:1210]            [INFO]     |                                                                                                    |
[2025-07-01 15:45:59,744] [config.py:1211]            [INFO]     |======================================== Plex Configuration ========================================|
[2025-07-01 15:45:59,747] [library.py:142]            [INFO]     |                                                                                                    |
[2025-07-01 15:45:59,747] [library.py:144]            [INFO]     | Using Asset Directory: config/assets/plex/Movies                                                   |
[2025-07-01 15:45:59,860] [plex.py:467]               [INFO]     | Connected to server Mr Meeseeks version 1.41.8.9834-071366d65                                      |
[2025-07-01 15:45:59,861] [plex.py:468]               [INFO]     | Running on MacOSX version 15.5.0                                                                   |
[2025-07-01 15:45:59,872] [plex.py:472]               [INFO]     | Plex DB cache setting: 256 MB                                                                      |
[2025-07-01 15:45:59,872] [plex.py:489]               [INFO]     | PlexPass: True on Unknown update channel: 0.                                                       |
[2025-07-01 15:45:59,872] [plex.py:491]               [INFO]     | Scheduled maintenance running between 2:00 and 5:00                                                |
[2025-07-01 15:45:59,884] [plex.py:539]               [INFO]     | Connected to library Movies                                                                        |
[2025-07-01 15:45:59,884] [plex.py:540]               [INFO]     | Type: Movie                                                                                        |
[2025-07-01 15:45:59,884] [plex.py:541]               [INFO]     | Agent: tv.plex.agents.movie                                                                        |
[2025-07-01 15:45:59,884] [plex.py:542]               [INFO]     | Scanner: Plex Movie                                                                                |
[2025-07-01 15:45:59,884] [plex.py:543]               [INFO]     | Ratings Source: IMDb                                                                               |
[2025-07-01 15:45:59,885] [config.py:1239]            [INFO]     |                                                                                                    |
[2025-07-01 15:45:59,885] [config.py:1240]            [INFO]     | Movies (Scheduled) Library Connection Successful                                                   |
[2025-07-01 15:45:59,885] [config.py:1241]            [INFO]     |                                                                                                    |
[2025-07-01 15:45:59,885] [config.py:1242]            [INFO]     |========================================== Scanning Files ==========================================|
[2025-07-01 15:45:59,885] [meta.py:71]                [INFO]     |                                                                                                    |
[2025-07-01 15:45:59,886] [meta.py:72]                [INFO]     |====================================================================================================|
[2025-07-01 15:45:59,886] [meta.py:72]                [INFO]     |                    Loading Collection File File: /config/Scheduled/Holiday.yml                     |
[2025-07-01 15:45:59,886] [meta.py:72]                [INFO]     |====================================================================================================|
[2025-07-01 15:45:59,886] [meta.py:73]                [INFO]     |                                                                                                    |
[2025-07-01 15:45:59,890] [meta.py:165]               [DEBUG]    | File Loaded From: /config/Scheduled/Holiday.yml                                                    |
[2025-07-01 15:45:59,890] [meta.py:1374]              [INFO]     |                                                                                                    |
[2025-07-01 15:45:59,890] [meta.py:1375]              [INFO]     | Collection File Loaded Successfully                                                                |
[2025-07-01 15:45:59,890] [meta.py:71]                [INFO]     |                                                                                                    |
[2025-07-01 15:45:59,890] [meta.py:72]                [INFO]     |====================================================================================================|
[2025-07-01 15:45:59,890] [meta.py:72]                [INFO]     |                     Loading Collection File File: /config/Scheduled/Awards.yml                     |
[2025-07-01 15:45:59,890] [meta.py:72]                [INFO]     |====================================================================================================|
[2025-07-01 15:45:59,891] [meta.py:73]                [INFO]     |                                                                                                    |
[2025-07-01 15:45:59,893] [meta.py:165]               [DEBUG]    | File Loaded From: /config/Scheduled/Awards.yml                                                     |
[2025-07-01 15:45:59,893] [meta.py:1374]              [INFO]     |                                                                                                    |
[2025-07-01 15:45:59,893] [meta.py:1375]              [INFO]     | Collection File Loaded Successfully                                                                |
[2025-07-01 15:45:59,893] [meta.py:71]                [INFO]     |                                                                                                    |
[2025-07-01 15:45:59,894] [meta.py:72]                [INFO]     |====================================================================================================|
[2025-07-01 15:45:59,894] [meta.py:72]                [INFO]     |                               Loading Collection File Default: year                                |
[2025-07-01 15:45:59,894] [meta.py:72]                [INFO]     |====================================================================================================|
[2025-07-01 15:45:59,894] [meta.py:73]                [INFO]     |                                                                                                    |
[2025-07-01 15:45:59,897] [meta.py:165]               [DEBUG]    | File Loaded From: /defaults/both/year.yml                                                          |
[2025-07-01 15:45:59,897] [util.py:324]               [INFO]     |                                                                                                    |
[2025-07-01 15:45:59,897] [util.py:329]               [INFO]     | Reading default: templates                                                                         |
[2025-07-01 15:45:59,897] [util.py:368]               [INFO]     | Template Variables: {'collection_section': '105'}                                                  |
[2025-07-01 15:45:59,911] [meta.py:165]               [DEBUG]    | File Loaded From: /defaults/templates.yml                                                          |
[2025-07-01 15:45:59,911] [meta.py:788]               [INFO]     |                                                                                                    |
[2025-07-01 15:45:59,911] [meta.py:789]               [INFO]     |================================ Building Year Dynamic Collections =================================|
[2025-07-01 15:45:59,911] [meta.py:790]               [INFO]     |                                                                                                    |
[2025-07-01 15:46:00,921] [meta.py:1254]              [DEBUG]    | Mapping Name: Year                                                                                 |
[2025-07-01 15:46:00,922] [meta.py:1255]              [DEBUG]    | Type: number                                                                                       |
[2025-07-01 15:46:00,922] [meta.py:1256]              [DEBUG]    | Data: {'starting': 'current_year-1', 'ending': 'current_year-1'}                                   |
[2025-07-01 15:46:00,923] [meta.py:1257]              [DEBUG]    | Exclude: []                                                                                        |
[2025-07-01 15:46:00,923] [meta.py:1258]              [DEBUG]    | Exclude Final: []                                                                                  |
[2025-07-01 15:46:00,923] [meta.py:1259]              [DEBUG]    | Addons: {}                                                                                         |
[2025-07-01 15:46:00,924] [meta.py:1260]              [DEBUG]    | Template: ['smart_filter', 'shared']                                                               |
[2025-07-01 15:46:00,924] [meta.py:1261]              [DEBUG]    | Other Template: ['smart_filter', 'shared']                                                         |
[2025-07-01 15:46:00,924] [meta.py:1262]              [DEBUG]    | Library Variables: {'limit': 25, 'sort_by': 'critic_rating.desc', 'data': {'starting': 'current_year-1', 'ending': 'current_year-1'}, 'summary_format': 'Top <<limit>> movies of <<key>>. Sorted by critic rating.', 'collection_section': '010', 'schedule': 'range(01/01-02/28)', 'use_separator': False} |
[2025-07-01 15:46:00,925] [meta.py:1263]              [DEBUG]    | Template Variables: {'search_term': {'default': 'year'}, 'sort_by': {'default': 'critic_rating.desc'}, 'limit': {'default': 10}, 'image': {'default': 'year/best/<<key>>'}, 'translation_key': {'default': 'year'}, 'dynamic': {'default': True}} |
[2025-07-01 15:46:00,925] [meta.py:1264]              [DEBUG]    | Remove Prefix: []                                                                                  |
[2025-07-01 15:46:00,925] [meta.py:1265]              [DEBUG]    | Remove Suffix: []                                                                                  |
[2025-07-01 15:46:00,925] [meta.py:1266]              [DEBUG]    | Title Format: Best of <<key_name>>                                                                 |
[2025-07-01 15:46:00,926] [meta.py:1267]              [DEBUG]    | Key Name Override: {}                                                                              |
[2025-07-01 15:46:00,926] [meta.py:1268]              [DEBUG]    | Title Override: {}                                                                                 |
[2025-07-01 15:46:00,926] [meta.py:1269]              [DEBUG]    | Custom Keys: True                                                                                  |
[2025-07-01 15:46:00,926] [meta.py:1270]              [DEBUG]    | Test: False                                                                                        |
[2025-07-01 15:46:00,927] [meta.py:1271]              [DEBUG]    | Sync: {}                                                                                           |
[2025-07-01 15:46:00,927] [meta.py:1272]              [DEBUG]    | Include: []                                                                                        |
[2025-07-01 15:46:00,927] [meta.py:1273]              [DEBUG]    | Other Name: None                                                                                   |
[2025-07-01 15:46:00,927] [meta.py:1274]              [DEBUG]    | All Keys: dict_keys(['2024'])                                                                      |
[2025-07-01 15:46:00,928] [meta.py:1277]              [DEBUG]    | Keys (Title):                                                                                      |
[2025-07-01 15:46:00,928] [meta.py:1279]              [DEBUG]    |   - 2024                                                                                           |
[2025-07-01 15:46:00,928] [meta.py:1324]              [INFO]     | [{'value': ['2024'], 'number': ['2024'], 'key_name': '2024', 'key': '2024', 'search_term': 'year', 'sort_by': 'critic_rating.desc', 'limit': 25, 'image': 'year/best/<<key>>', 'translation_key': 'year', 'dynamic': True, 'name': 'smart_filter'}, {'value': ['2024'], 'number': ['2024'], 'key_name': '2024', 'key': '2024', 'search_term': 'year', 'sort_by': 'critic_rating.desc', 'limit': 25, 'image': 'year/best/<<key>>', 'translation_key': 'year', 'dynamic': True, 'name': 'shared'}] |
[2025-07-01 15:46:00,928] [meta.py:1374]              [INFO]     |                                                                                                    |
[2025-07-01 15:46:00,928] [meta.py:1375]              [INFO]     | Collection File Loaded Successfully                                                                |
[2025-07-01 15:46:00,929] [config.py:1254]            [INFO]     |                                                                                                    |
[2025-07-01 15:46:00,929] [config.py:1255]            [INFO]     |======================================= Radarr Configuration =======================================|
[2025-07-01 15:46:00,929] [config.py:1256]            [INFO]     |                                                                                                    |
[2025-07-01 15:46:00,930] [config.py:1257]            [INFO]     | Connecting to Movies (Scheduled) library's Radarr...                                               |
[2025-07-01 15:46:00,930] [config.py:1258]            [INFO]     |                                                                                                    |
[2025-07-01 15:46:01,169] [config.py:1281]            [INFO]     | Movies (Scheduled) library's Radarr Connection Successful                                          |
[2025-07-01 15:46:01,170] [config.py:1284]            [INFO]     |                                                                                                    |
[2025-07-01 15:46:01,170] [config.py:1285]            [INFO]     |======================================= Sonarr Configuration =======================================|
[2025-07-01 15:46:01,170] [config.py:1286]            [INFO]     |                                                                                                    |
[2025-07-01 15:46:01,171] [config.py:1287]            [INFO]     | Connecting to Movies (Scheduled) library's Sonarr...                                               |
[2025-07-01 15:46:01,171] [config.py:1288]            [INFO]     |                                                                                                    |
[2025-07-01 15:46:01,266] [config.py:1314]            [INFO]     | Movies (Scheduled) library's Sonarr Connection Successful                                          |
[2025-07-01 15:46:01,266] [config.py:1317]            [INFO]     |                                                                                                    |
[2025-07-01 15:46:01,266] [config.py:1318]            [INFO]     |====================================== Tautulli Configuration ======================================|
[2025-07-01 15:46:01,267] [config.py:1319]            [INFO]     |                                                                                                    |
[2025-07-01 15:46:01,267] [config.py:1320]            [INFO]     | Connecting to Movies (Scheduled) library's Tautulli...                                             |
[2025-07-01 15:46:01,267] [config.py:1321]            [INFO]     |                                                                                                    |
[2025-07-01 15:46:01,277] [config.py:1331]            [INFO]     | Movies (Scheduled) library's Tautulli Connection Successful                                        |
[2025-07-01 15:46:01,277] [config.py:1336]            [INFO]     |                                                                                                    |
[2025-07-01 15:46:01,277] [config.py:881]             [INFO]     |====================================================================================================|
[2025-07-01 15:46:01,278] [config.py:881]             [INFO]     |                                        Movies Configuration                                        |
[2025-07-01 15:46:01,278] [config.py:881]             [INFO]     |====================================================================================================|
[2025-07-01 15:46:01,278] [config.py:882]             [INFO]     |                                                                                                    |
[2025-07-01 15:46:01,278] [config.py:883]             [INFO]     | Connecting to Movies Library...                                                                    |
[2025-07-01 15:46:01,279] [config.py:927]             [INFO]     |===================================== Operation Configuration ======================================|
[2025-07-01 15:46:01,279] [config.py:931]             [INFO]     |                                                                                                    |
[2025-07-01 15:46:01,279] [config.py:932]             [INFO]     | Operation 1/1                                                                                      |
[2025-07-01 15:46:01,280] [config.py:934]             [INFO]     |     mass_poster_update: {'source': 'tmdb'}                                                         |
[2025-07-01 15:46:01,280] [config.py:934]             [INFO]     |     mass_genre_update: tmdb                                                                        |
[2025-07-01 15:46:01,280] [config.py:934]             [INFO]     |     mass_audience_rating_update: tmdb                                                              |
[2025-07-01 15:46:01,280] [config.py:934]             [INFO]     |     mass_imdb_parental_labels: mild                                                                |
[2025-07-01 15:46:01,281] [config.py:934]             [INFO]     |     mass_critic_rating_update: mdb_tomatoes                                                        |
[2025-07-01 15:46:01,281] [config.py:934]             [INFO]     |     mass_user_rating_update: trakt_user                                                            |
[2025-07-01 15:46:01,281] [config.py:934]             [INFO]     |     assets_for_all: True                                                                           |
[2025-07-01 15:46:01,281] [config.py:468]             [WARNING]  | Config Warning: seasons attribute not found using True as default                                  |
[2025-07-01 15:46:01,282] [config.py:468]             [WARNING]  | Config Warning: episodes attribute not found using True as default                                 |
[2025-07-01 15:46:01,282] [config.py:468]             [WARNING]  | Config Warning: ignore_locked attribute not found using False as default                           |
[2025-07-01 15:46:01,282] [config.py:468]             [WARNING]  | Config Warning: ignore_overlays attribute not found using False as default                         |
[2025-07-01 15:46:01,282] [config.py:1062]            [ERROR]    | Config Error: mass_critic_rating_update cannot use mdb_tomatoes without a successful MDBList Connection |
[2025-07-01 15:46:01,283] [config.py:1072]            [INFO]     |                                                                                                    |
[2025-07-01 15:46:01,283] [config.py:1073]            [INFO]     | Reading in Collection Files                                                                        |
[2025-07-01 15:46:01,283] [util.py:324]               [INFO]     |                                                                                                    |
[2025-07-01 15:46:01,284] [util.py:329]               [INFO]     | Reading default: basic                                                                             |
[2025-07-01 15:46:01,284] [util.py:324]               [INFO]     |                                                                                                    |
[2025-07-01 15:46:01,284] [util.py:329]               [INFO]     | Reading default: imdb                                                                              |
[2025-07-01 15:46:01,284] [util.py:324]               [INFO]     |                                                                                                    |
[2025-07-01 15:46:01,284] [util.py:329]               [INFO]     | Reading default: trakt                                                                             |
[2025-07-01 15:46:01,285] [util.py:324]               [INFO]     |                                                                                                    |
[2025-07-01 15:46:01,285] [util.py:329]               [INFO]     | Reading default: resolution                                                                        |
[2025-07-01 15:46:01,285] [util.py:348]               [INFO]     | Reading folder: config/Movies/                                                                     |
[2025-07-01 15:46:01,287] [util.py:368]               [INFO]     | Template Variables: {'sep_style': 'gold', 'exclude': ['sd'], 'sort_by': 'title.asc'}               |
[2025-07-01 15:46:01,287] [util.py:372]               [INFO]     | Asset Directory: config/assets/plex/Movies                                                         |
[2025-07-01 15:46:01,287] [util.py:324]               [INFO]     |                                                                                                    |
[2025-07-01 15:46:01,287] [util.py:329]               [INFO]     | Reading pmm: based                                                                                 |
[2025-07-01 15:46:01,287] [util.py:368]               [INFO]     | Template Variables: {'summary_true_story': 'Films based on or inspired by a true story.', 'summary_book': 'Films based on or inspired by a book.', 'summary_video_game': 'Films based on or inspired by a video game.', 'summary_comic': 'Films based on or inspired by a comic.', 'schedule': 'all[weekly(thursday), hourly(06-07)]'} |
[2025-07-01 15:46:01,288] [util.py:372]               [INFO]     | Asset Directory: config/assets/plex/Collections                                                    |
[2025-07-01 15:46:01,288] [util.py:324]               [INFO]     |                                                                                                    |
[2025-07-01 15:46:01,288] [util.py:329]               [INFO]     | Reading pmm: decade                                                                                |
[2025-07-01 15:46:01,288] [util.py:368]               [INFO]     | Template Variables: {'exclude': [1960], 'limit': 100, 'limit_1970': 25, 'summary_format': 'Top <<limit>> movies of the <<key>>s. Sorted by critic rating.', 'summary_1970': 'Top <<limit_1970>> movies of the <<key>>s. Sorted by critic rating.', 'minimum_items': 25} |
[2025-07-01 15:46:01,289] [util.py:372]               [INFO]     | Asset Directory: config/assets/plex/Collections                                                    |
[2025-07-01 15:46:01,289] [util.py:324]               [INFO]     |                                                                                                    |
[2025-07-01 15:46:01,289] [util.py:329]               [INFO]     | Reading pmm: genre                                                                                 |
[2025-07-01 15:46:01,289] [util.py:368]               [INFO]     | Template Variables: {'sort_by': 'title.asc', 'exclude': ['Horror', 'War', 'Western', 'Spy', 'Sport'], 'minimum_items': 10} |
[2025-07-01 15:46:01,289] [util.py:372]               [INFO]     | Asset Directory: config/assets/plex/Collections                                                    |
[2025-07-01 15:46:01,289] [util.py:324]               [INFO]     |                                                                                                    |
[2025-07-01 15:46:01,290] [util.py:329]               [INFO]     | Reading pmm: imdb                                                                                  |
[2025-07-01 15:46:01,290] [util.py:368]               [INFO]     | Template Variables: {'use_lowest': False, 'order_top': 3, 'order_popular': 3}                      |
[2025-07-01 15:46:01,290] [util.py:372]               [INFO]     | Asset Directory: config/assets/plex/Collections                                                    |
[2025-07-01 15:46:01,290] [util.py:324]               [INFO]     |                                                                                                    |
[2025-07-01 15:46:01,291] [util.py:329]               [INFO]     | Reading pmm: seasonal                                                                              |
[2025-07-01 15:46:01,291] [util.py:368]               [INFO]     | Template Variables: {'emoji': '', 'schedule_easter': 'range(03/20-04/05)', 'schedule_independence': 'range(06/28-07/05)', 'schedule_labor': 'range(09/01-09/05)', 'schedule_thanksgiving': 'range(11/01-11/24)', 'schedule_veteran': 'range(11/01-11/12)', 'schedule_valentine': 'range(02/05-02/15)', 'exclude': ['christmas', 'easter', 'halloween', 'latinx', 'women']} |
[2025-07-01 15:46:01,291] [util.py:372]               [INFO]     | Asset Directory: config/assets/plex/Collections                                                    |
[2025-07-01 15:46:01,291] [util.py:324]               [INFO]     |                                                                                                    |
[2025-07-01 15:46:01,291] [util.py:329]               [INFO]     | Reading pmm: tautulli                                                                              |
[2025-07-01 15:46:01,291] [util.py:368]               [INFO]     | Template Variables: {'use_watched': True, 'list_days': 14, 'list_size': 25, 'summary_popular': 'A collection of the most watched movies on this Plex server.', 'order_popular': 1} |
[2025-07-01 15:46:01,291] [util.py:372]               [INFO]     | Asset Directory: config/assets/plex/Collections                                                    |
[2025-07-01 15:46:01,291] [util.py:324]               [INFO]     |                                                                                                    |
[2025-07-01 15:46:01,292] [util.py:329]               [INFO]     | Reading pmm: universe                                                                              |
[2025-07-01 15:46:01,292] [util.py:368]               [INFO]     | Template Variables: {'trakt_list_avp': 'https://trakt.tv/users/oldmankestis/lists/alien-predator', 'trakt_list_mcu': 'https://trakt.tv/users/oldmankestis/lists/marvel-cinematic-universe', 'trakt_list_star': 'https://trakt.tv/users/oldmankestis/lists/star-wars', 'trakt_list_trek': 'https://trakt.tv/users/oldmankestis/lists/star-trek', 'trakt_list_xmen': 'https://trakt.tv/users/oldmankestis/lists/x-men-collection', 'summary_mcu': 'The Marvel Cinematic Universe (MCU) is an American media franchise and shared universe centered on a series of superhero films produced by Marvel Studios. Sorted in chronological order.', 'summary_xmen': 'The X-Men Collection. Sorted in chronological order.', 'minimum_items': 3, 'append_data': {'star': 'Star Wars Saga', 'trek': 'Star Trek Universe', 'xmen': 'X-Men Collection'}, 'exclude': ['marvel', 'mummy', 'rocky'], 'collection_section': '106'} |
[2025-07-01 15:46:01,292] [util.py:372]               [INFO]     | Asset Directory: config/assets/plex/Collections                                                    |
[2025-07-01 15:46:01,292] [config.py:1210]            [INFO]     |                                                                                                    |
[2025-07-01 15:46:01,292] [config.py:1211]            [INFO]     |======================================== Plex Configuration ========================================|
[2025-07-01 15:46:01,296] [config.py:1353]            [DEBUG]    | Traceback (most recent call last):                                                                 |
                                                                 |   File "/modules/config.py", line 1238, in __init__                                                |
                                                                 |     library = Plex(self, params)                                                                   |
                                                                 |   File "/modules/plex.py", line 449, in __init__                                                   |
                                                                 |     super().__init__(config, params)                                                               |
                                                                 |     ~~~~~~~~~~~~~~~~^^^^^^^^^^^^^^^^                                                               |
                                                                 |   File "/modules/library.py", line 57, in __init__                                                 |
                                                                 |     self.image_table_name = self.config.Cache.get_image_table_name(self.original_mapping_name) if self.config.Cache else None |
                                                                 |                             ~~~~~~~~~~~~~~~~~~~~~~~~~~~~~~~~~~~~~~^^^^^^^^^^^^^^^^^^^^^^^^^^^^     |
                                                                 |   File "/modules/cache.py", line 861, in get_image_table_name                                      |
                                                                 |     cursor.execute(f"SELECT * FROM image_maps WHERE library = ?", (library,))                      |
                                                                 |     ~~~~~~~~~~~~~~^^^^^^^^^^^^^^^^^^^^^^^^^^^^^^^^^^^^^^^^^^^^^^^^^^^^^^^^^^^                      |
                                                                 | sqlite3.OperationalError: unable to open database file                                             |
                                                                 |                                                                                                    |
[2025-07-01 15:46:01,298] [kometa.py:369]             [DEBUG]    | Traceback (most recent call last):                                                                 |
                                                                 |   File "//kometa.py", line 367, in start                                                           |
                                                                 |     config = ConfigFile(my_requests, default_dir, attrs, secret_args)                              |
                                                                 |   File "/modules/config.py", line 1238, in __init__                                                |
                                                                 |     library = Plex(self, params)                                                                   |
                                                                 |   File "/modules/plex.py", line 449, in __init__                                                   |
                                                                 |     super().__init__(config, params)                                                               |
                                                                 |     ~~~~~~~~~~~~~~~~^^^^^^^^^^^^^^^^                                                               |
                                                                 |   File "/modules/library.py", line 57, in __init__                                                 |
                                                                 |     self.image_table_name = self.config.Cache.get_image_table_name(self.original_mapping_name) if self.config.Cache else None |
                                                                 |                             ~~~~~~~~~~~~~~~~~~~~~~~~~~~~~~~~~~~~~~^^^^^^^^^^^^^^^^^^^^^^^^^^^^     |
                                                                 |   File "/modules/cache.py", line 861, in get_image_table_name                                      |
                                                                 |     cursor.execute(f"SELECT * FROM image_maps WHERE library = ?", (library,))                      |
                                                                 |     ~~~~~~~~~~~~~~^^^^^^^^^^^^^^^^^^^^^^^^^^^^^^^^^^^^^^^^^^^^^^^^^^^^^^^^^^^                      |
                                                                 | sqlite3.OperationalError: unable to open database file                                             |
                                                                 |                                                                                                    |
[2025-07-01 15:46:01,299] [kometa.py:370]             [CRITICAL] | unable to open database file                                                                       |
[2025-07-01 15:46:01,300] [kometa.py:378]             [INFO]     |                                                                                                    |
[2025-07-01 15:46:01,300] [kometa.py:453]             [INFO]     |========================================= Warning Summary ==========================================|
[2025-07-01 15:46:01,300] [kometa.py:455]             [INFO]     |                                                                                                    |
[2025-07-01 15:46:01,300] [kometa.py:456]             [INFO]     | Count | Message                                                                                    |
[2025-07-01 15:46:01,300] [kometa.py:457]             [INFO]     |=======|============================================================================================|
[2025-07-01 15:46:01,300] [kometa.py:459]             [INFO]     |     1 | Config Warning: seasons attribute not found using True as default                          |
[2025-07-01 15:46:01,300] [kometa.py:459]             [INFO]     |     1 | Config Warning: episodes attribute not found using True as default                         |
[2025-07-01 15:46:01,300] [kometa.py:459]             [INFO]     |     1 | Config Warning: ignore_locked attribute not found using False as default                   |
[2025-07-01 15:46:01,301] [kometa.py:459]             [INFO]     |     1 | Config Warning: ignore_overlays attribute not found using False as default                 |
[2025-07-01 15:46:01,301] [kometa.py:460]             [INFO]     |                                                                                                    |
[2025-07-01 15:46:01,301] [kometa.py:453]             [INFO]     |========================================== Error Summary ===========================================|
[2025-07-01 15:46:01,301] [kometa.py:455]             [INFO]     |                                                                                                    |
[2025-07-01 15:46:01,301] [kometa.py:456]             [INFO]     | Count | Message                                                                                    |
[2025-07-01 15:46:01,301] [kometa.py:457]             [INFO]     |=======|============================================================================================|
[2025-07-01 15:46:01,301] [kometa.py:459]             [INFO]     |     1 | Config Error: Folder /config/missing does not exist                                        |
[2025-07-01 15:46:01,301] [kometa.py:459]             [INFO]     |     1 | Config Error: mass_critic_rating_update cannot use mdb_tomatoes without a successful MDBList Connection |
[2025-07-01 15:46:01,301] [kometa.py:460]             [INFO]     |                                                                                                    |
[2025-07-01 15:46:01,301] [kometa.py:453]             [INFO]     |========================================= Critical Summary =========================================|
[2025-07-01 15:46:01,301] [kometa.py:455]             [INFO]     |                                                                                                    |
[2025-07-01 15:46:01,302] [kometa.py:456]             [INFO]     | Count | Message                                                                                    |
[2025-07-01 15:46:01,302] [kometa.py:457]             [INFO]     |=======|============================================================================================|
[2025-07-01 15:46:01,302] [kometa.py:459]             [INFO]     |     1 | unable to open database file                                                               |
[2025-07-01 15:46:01,302] [kometa.py:460]             [INFO]     |                                                                                                    |
[2025-07-01 15:46:01,302] [kometa.py:467]             [INFO]     |====================================================================================================|
[2025-07-01 15:46:01,302] [kometa.py:467]             [INFO]     |                                            Finished Run                                            |
[2025-07-01 15:46:01,302] [kometa.py:467]             [INFO]     |                                           Version: 2.2.0                                           |
[2025-07-01 15:46:01,302] [kometa.py:467]             [INFO]     |      Start Time: 15:45:59 2025-07-01     Finished: 15:46:01 2025-07-01     Run Time: 0:00:01       |
[2025-07-01 15:46:01,302] [kometa.py:467]             [INFO]     |====================================================================================================|
